2025-01-27T16:37:47.743Z info: Connected to MongoDB
2025-01-27T16:37:48.207Z info: Server is running on http://localhost:4000/graphql
2025-01-27T16:40:35.571Z info: Connected to MongoDB
2025-01-27T16:40:35.952Z info: Server is running on http://localhost:4000/graphql
2025-01-27T16:40:36.243Z error: Authentication error: Invalid token
2025-01-27T16:43:21.879Z error: Authentication error: Invalid token
2025-01-27T16:44:18.853Z error: Authentication error: Invalid token
2025-01-27T16:45:40.132Z info: Connected to MongoDB
2025-01-27T16:45:40.323Z info: Server is running on http://localhost:4000/graphql
2025-01-27T16:45:43.701Z error: Authentication error: Invalid token
2025-01-27T16:48:21.852Z info: Connected to MongoDB
2025-01-27T16:48:22.005Z info: Server is running on http://localhost:4000/graphql
2025-01-27T16:48:26.883Z info: Client connected: 6YbgF8nnc9MpmtIrAAAB
2025-01-27T16:48:26.888Z info: Client 6YbgF8nnc9MpmtIrAAAB joined room testRoom
2025-01-27T16:48:26.891Z info: Message sent to room testRoom: Hello, World!
2025-01-27T16:48:31.901Z info: Client 6YbgF8nnc9MpmtIrAAAB left room testRoom
2025-01-27T16:48:31.906Z info: Client disconnected: 6YbgF8nnc9MpmtIrAAAB
2025-01-27T16:57:42.216Z info: Connected to MongoDB
2025-01-27T16:57:42.229Z error: Error starting server: Looks like you've forgot to provide `pubSub` option in `buildSchema()`. Subscriptions can't work without a proper PubSub system.
2025-01-27T17:05:49.554Z info: Connected to MongoDB
2025-01-27T17:05:49.570Z error: Error starting server: Looks like you've forgot to provide `pubSub` option in `buildSchema()`. Subscriptions can't work without a proper PubSub system.
2025-01-27T17:07:38.886Z info: Connected to MongoDB
2025-01-27T17:07:39.141Z info: Server is running on http://localhost:4000/graphql
